// Jest Snapshot v1, https://goo.gl/fbAQLP

exports[`Test to evaluate the <BudgetsCard/> component render card without change 1`] = `
<View
  accessibilityState={
    {
      "busy": undefined,
      "checked": undefined,
      "disabled": undefined,
      "expanded": undefined,
      "selected": undefined,
    }
  }
  accessibilityValue={
    {
      "max": undefined,
      "min": undefined,
      "now": undefined,
      "text": undefined,
    }
  }
  accessible={true}
  collapsable={false}
  focusable={false}
  onClick={[Function]}
  onResponderGrant={[Function]}
  onResponderMove={[Function]}
  onResponderRelease={[Function]}
  onResponderTerminate={[Function]}
  onResponderTerminationRequest={[Function]}
  onStartShouldSetResponder={[Function]}
  style={
    {
      "alignItems": "center",
      "flex": 1,
      "justifyContent": "center",
      "opacity": 1,
    }
  }
>
  <View
    style={
      [
        {
          "alignSelf": "center",
          "borderBottomStartRadius": 0,
          "borderRadius": 10,
          "borderTopLeftRadius": 0,
          "elevation": 5,
          "flexDirection": "row",
          "marginEnd": 10,
          "marginVertical": 10,
          "overflow": "hidden",
          "shadowColor": "#000",
        },
        {
          "backgroundColor": undefined,
        },
      ]
    }
  >
    <View
      style={
        [
          {
            "flex": 1,
            "padding": 16,
          },
        ]
      }
    >
      <View>
        <Text
          style={
            [
              {
                "textAlign": "left",
              },
              {
                "color": "rgba(28, 27, 31, 1)",
                "fontFamily": "System",
                "fontWeight": "400",
                "letterSpacing": 0,
              },
              {
                "writingDirection": "ltr",
              },
              [
                {
                  "fontSize": 14,
                },
                {
                  "color": undefined,
                },
              ],
            ]
          }
        />
      </View>
      <Text
        style={
          [
            {
              "textAlign": "left",
            },
            {
              "color": "rgba(28, 27, 31, 1)",
              "fontFamily": "System",
              "fontWeight": "400",
              "letterSpacing": 0,
            },
            {
              "writingDirection": "ltr",
            },
            [
              {
                "fontWeight": "bold",
              },
              {
                "color": undefined,
              },
            ],
          ]
        }
      />
      <View
        style={
          {
            "alignItems": "center",
            "flexDirection": "row",
            "marginBottom": 8,
          }
        }
      >
        <Text
          collapsable={false}
          numberOfLines={1}
          style={
            {
              "alignSelf": "flex-end",
              "backgroundColor": "rgba(179, 38, 30, 1)",
              "borderRadius": 10,
              "color": undefined,
              "fontSize": 10,
              "height": 20,
              "lineHeight": 10,
              "marginRight": 8,
              "minWidth": 20,
              "opacity": 1,
              "overflow": "hidden",
              "paddingHorizontal": 3,
              "textAlign": "center",
              "textAlignVertical": "center",
            }
          }
        />
      </View>
      <Text
        style={
          [
            {
              "textAlign": "left",
            },
            {
              "color": "rgba(28, 27, 31, 1)",
              "fontFamily": "System",
              "fontWeight": "400",
              "letterSpacing": 0,
            },
            {
              "writingDirection": "ltr",
            },
            [
              {
                "fontSize": 14,
                "textAlign": "right",
              },
            ],
          ]
        }
      >
        <View
          accessibilityRole="progressbar"
          accessibilityState={
            {
              "busy": true,
            }
          }
          accessible={true}
          style={
            [
              {
                "alignItems": "center",
                "justifyContent": "center",
              },
              undefined,
            ]
          }
        >
          <View
            collapsable={false}
            style={
              {
                "height": 24,
                "opacity": 1,
                "width": 24,
              }
            }
          >
            <View
              collapsable={false}
              style={
                {
                  "alignItems": "center",
                  "bottom": 0,
                  "justifyContent": "center",
                  "left": 0,
                  "position": "absolute",
                  "right": 0,
                  "top": 0,
                }
              }
            >
              <View
                collapsable={false}
                style={
                  {
                    "height": 24,
                    "transform": [
                      {
                        "rotate": "45deg",
                      },
                    ],
                    "width": 24,
                  }
                }
              >
                <View
                  collapsable={false}
                  style={
                    {
                      "height": 12,
                      "overflow": "hidden",
                      "width": 24,
                    }
                  }
                >
                  <View
                    collapsable={false}
                    style={
                      {
                        "height": 24,
                        "transform": [
                          {
                            "translateY": 0,
                          },
                          {
                            "rotate": "-165deg",
                          },
                        ],
                        "width": 24,
                      }
                    }
                  >
                    <View
                      collapsable={false}
                      style={
                        {
                          "height": 12,
                          "overflow": "hidden",
                          "width": 24,
                        }
                      }
                    >
                      <View
                        collapsable={false}
                        style={
                          {
                            "borderColor": "rgba(103, 80, 164, 1)",
                            "borderRadius": 12,
                            "borderWidth": 2.4,
                            "height": 24,
                            "width": 24,
                          }
                        }
                      />
                    </View>
                  </View>
                </View>
              </View>
            </View>
            <View
              collapsable={false}
              style={
                {
                  "alignItems": "center",
                  "bottom": 0,
                  "justifyContent": "center",
                  "left": 0,
                  "position": "absolute",
                  "right": 0,
                  "top": 0,
                }
              }
            >
              <View
                collapsable={false}
                style={
                  {
                    "height": 24,
                    "transform": [
                      {
                        "rotate": "45deg",
                      },
                    ],
                    "width": 24,
                  }
                }
              >
                <View
                  collapsable={false}
                  style={
                    {
                      "height": 12,
                      "overflow": "hidden",
                      "top": 12,
                      "width": 24,
                    }
                  }
                >
                  <View
                    collapsable={false}
                    style={
                      {
                        "height": 24,
                        "transform": [
                          {
                            "translateY": -12,
                          },
                          {
                            "rotate": "345deg",
                          },
                        ],
                        "width": 24,
                      }
                    }
                  >
                    <View
                      collapsable={false}
                      style={
                        {
                          "height": 12,
                          "overflow": "hidden",
                          "width": 24,
                        }
                      }
                    >
                      <View
                        collapsable={false}
                        style={
                          {
                            "borderColor": "rgba(103, 80, 164, 1)",
                            "borderRadius": 12,
                            "borderWidth": 2.4,
                            "height": 24,
                            "width": 24,
                          }
                        }
                      />
                    </View>
                  </View>
                </View>
              </View>
            </View>
          </View>
        </View>
      </Text>
    </View>
  </View>
</View>
`;
