// Jest Snapshot v1, https://goo.gl/fbAQLP

exports[`Test to evaluate <Button /> component render button without change 1`] = `
<View
  collapsable={false}
  style={
    {
      "backgroundColor": "rgba(103, 80, 164, 1)",
      "borderRadius": 5,
      "shadowColor": "#000",
      "shadowOffset": {
        "height": 0,
        "width": 0,
      },
      "shadowOpacity": 0,
      "shadowRadius": 0,
      "width": "100%",
    }
  }
  testID="button-container-outer-layer"
>
  <View
    collapsable={false}
    style={
      {
        "backgroundColor": "rgba(103, 80, 164, 1)",
        "borderColor": "rgba(103, 80, 164, 1)",
        "borderRadius": 5,
        "borderStyle": "solid",
        "borderWidth": 1,
        "flex": undefined,
        "minWidth": 64,
        "shadowColor": "#000",
        "shadowOffset": {
          "height": 0,
          "width": 0,
        },
        "shadowOpacity": 0,
        "shadowRadius": 0,
      }
    }
    testID="button-container"
  >
    <View
      accessibilityRole="button"
      accessibilityState={
        {
          "busy": undefined,
          "checked": undefined,
          "disabled": true,
          "expanded": undefined,
          "selected": undefined,
        }
      }
      accessibilityValue={
        {
          "max": undefined,
          "min": undefined,
          "now": undefined,
          "text": undefined,
        }
      }
      accessible={true}
      collapsable={false}
      focusable={true}
      onBlur={[Function]}
      onClick={[Function]}
      onFocus={[Function]}
      onResponderGrant={[Function]}
      onResponderMove={[Function]}
      onResponderRelease={[Function]}
      onResponderTerminate={[Function]}
      onResponderTerminationRequest={[Function]}
      onStartShouldSetResponder={[Function]}
      style={
        [
          {
            "overflow": "hidden",
          },
          {
            "borderRadius": 5,
          },
        ]
      }
      testID="button"
    >
      <View
        style={
          [
            {
              "alignItems": "center",
              "flexDirection": "row",
              "justifyContent": "center",
            },
            undefined,
          ]
        }
      >
        <View
          style={
            [
              {
                "marginLeft": 12,
                "marginRight": -4,
              },
              {
                "marginLeft": 16,
                "marginRight": -16,
              },
              {
                "marginLeft": 12,
                "marginRight": -8,
              },
            ]
          }
          testID="button-icon-container"
        />
        <Text
          numberOfLines={1}
          selectable={false}
          style={
            [
              {
                "textAlign": "left",
              },
              {
                "color": "rgba(28, 27, 31, 1)",
                "writingDirection": "ltr",
              },
              [
                {
                  "fontFamily": "System",
                  "fontSize": 14,
                  "fontWeight": "500",
                  "letterSpacing": 0.1,
                  "lineHeight": 20,
                },
                [
                  {
                    "marginHorizontal": 16,
                    "marginVertical": 9,
                    "textAlign": "center",
                  },
                  false,
                  {
                    "marginHorizontal": 16,
                  },
                  undefined,
                  false,
                  {
                    "color": "rgba(103, 80, 164, 1)",
                    "fontFamily": "System",
                    "fontSize": 14,
                    "fontWeight": "500",
                    "letterSpacing": 0.1,
                    "lineHeight": 20,
                  },
                  undefined,
                ],
              ],
            ]
          }
          testID="button-text"
        >
          <Text
            style={
              [
                {
                  "color": undefined,
                  "width": "100%",
                },
                undefined,
              ]
            }
          >
            text
          </Text>
        </Text>
      </View>
    </View>
  </View>
</View>
`;
